../Core/Src/main.c:94:5:main	112	static
../Core/Src/main.c:165:6:SystemClock_Config	88	static
../Core/Src/main.c:213:13:MX_I2C1_Init	8	static
../Core/Src/main.c:247:13:MX_TIM2_Init	32	static
../Core/Src/main.c:292:13:MX_USART1_UART_Init	8	static
../Core/Src/main.c:317:13:MX_GPIO_Init	40	static
../Core/Src/main.c:380:6:HAL_GPIO_EXTI_Callback	24	static
../Core/Src/main.c:406:6:HAL_UART_RxCpltCallback	16	static
../Core/Src/main.c:430:6:UpdateSensorTask	32	static
../Core/Src/main.c:465:6:ExecuteTask	16	static
../Core/Src/main.c:505:6:UartTask	16	static
../Core/Src/main.c:531:6:HAL_TIM_PeriodElapsedCallback	16	static
../Core/Src/main.c:548:6:Error_Handler	4	static,ignoring_inline_asm
