../Core/Src/main.c:92:5:main	112	static
../Core/Src/main.c:163:6:SystemClock_Config	88	static
../Core/Src/main.c:211:13:MX_I2C1_Init	8	static
../Core/Src/main.c:245:13:MX_TIM2_Init	32	static
../Core/Src/main.c:290:13:MX_USART1_UART_Init	8	static
../Core/Src/main.c:315:13:MX_GPIO_Init	40	static
../Core/Src/main.c:385:6:HAL_GPIO_EXTI_Callback	16	static
../Core/Src/main.c:414:6:HAL_UART_RxCpltCallback	16	static
../Core/Src/main.c:438:6:StartSensorTask	16	static
../Core/Src/main.c:465:6:StartCheckTask	32	static
../Core/Src/main.c:549:6:UartTask	16	static
../Core/Src/main.c:580:6:HAL_TIM_PeriodElapsedCallback	16	static
../Core/Src/main.c:597:6:Error_Handler	4	static,ignoring_inline_asm
